[debug] [2025-12-16T03:33:31.775Z] ----------------------------------------------------------------------
[debug] [2025-12-16T03:33:31.777Z] Command:       C:\Program Files\nodejs\node.exe C:\Users\USURIO\Documents\web_itap\itapimpresiones-next\node_modules\.pnpm\firebase-tools@14.27.0_@typ_007c750a1b23c165d1258af2332da79c\node_modules\firebase-tools\lib\bin\firebase.js emulators:start --only functions
[debug] [2025-12-16T03:33:31.777Z] CLI Version:   14.27.0
[debug] [2025-12-16T03:33:31.777Z] Platform:      win32
[debug] [2025-12-16T03:33:31.778Z] Node Version:  v20.15.0
[debug] [2025-12-16T03:33:31.778Z] Time:          Tue Dec 16 2025 00:33:31 GMT-0300 (hora estándar de Argentina)
[debug] [2025-12-16T03:33:31.778Z] ----------------------------------------------------------------------
[debug] 
[debug] [2025-12-16T03:33:31.780Z] >>> [apiv2][query] GET https://firebase-public.firebaseio.com/cli.json [none]
[debug] [2025-12-16T03:33:32.020Z] > command requires scopes: ["email","openid","https://www.googleapis.com/auth/cloudplatformprojects.readonly","https://www.googleapis.com/auth/firebase","https://www.googleapis.com/auth/cloud-platform"]
[debug] [2025-12-16T03:33:32.020Z] > authorizing via signed-in user (pablocatu@gmail.com)
[info] i  emulators: Starting emulators: functions {"metadata":{"emulator":{"name":"hub"},"message":"Starting emulators: functions"}}
[debug] [2025-12-16T03:33:32.029Z] [logging] Logging Emulator only supports listening on one address (127.0.0.1). Not listening on ::1
[debug] [2025-12-16T03:33:32.030Z] assigned listening specs for emulators {"user":{"hub":[{"address":"127.0.0.1","family":"IPv4","port":4400},{"address":"::1","family":"IPv6","port":4400}],"ui":[{"address":"127.0.0.1","family":"IPv4","port":4000},{"address":"::1","family":"IPv6","port":4000}],"logging":[{"address":"127.0.0.1","family":"IPv4","port":4500}]},"metadata":{"message":"assigned listening specs for emulators"}}
[debug] [2025-12-16T03:33:32.033Z] Emulator locator file path: C:\Users\USURIO\AppData\Local\Temp\hub-itap-shop.json
[debug] [2025-12-16T03:33:32.034Z] [hub] writing locator at C:\Users\USURIO\AppData\Local\Temp\hub-itap-shop.json
[debug] [2025-12-16T03:33:32.053Z] [functions] Functions Emulator only supports listening on one address (127.0.0.1). Not listening on ::1
[debug] [2025-12-16T03:33:32.053Z] [eventarc] Eventarc Emulator only supports listening on one address (127.0.0.1). Not listening on ::1
[debug] [2025-12-16T03:33:32.054Z] [tasks] Cloud Tasks Emulator only supports listening on one address (127.0.0.1). Not listening on ::1
[debug] [2025-12-16T03:33:32.054Z] late-assigned ports for functions and eventarc emulators {"user":{"hub":[{"address":"127.0.0.1","family":"IPv4","port":4400},{"address":"::1","family":"IPv6","port":4400}],"ui":[{"address":"127.0.0.1","family":"IPv4","port":4000},{"address":"::1","family":"IPv6","port":4000}],"logging":[{"address":"127.0.0.1","family":"IPv4","port":4500}],"functions":[{"address":"127.0.0.1","family":"IPv4","port":5001}],"eventarc":[{"address":"127.0.0.1","family":"IPv4","port":9299}],"tasks":[{"address":"127.0.0.1","family":"IPv4","port":9499}]},"metadata":{"message":"late-assigned ports for functions and eventarc emulators"}}
[warn] !  functions: The following emulators are not running, calls to these services from the Functions emulator will affect production: apphosting, auth, firestore, database, hosting, pubsub, storage, dataconnect {"metadata":{"emulator":{"name":"functions"},"message":"The following emulators are not running, calls to these services from the Functions emulator will affect production: \u001b[1mapphosting, auth, firestore, database, hosting, pubsub, storage, dataconnect\u001b[22m"}}
[debug] [2025-12-16T03:33:32.112Z] defaultcredentials: writing to file C:\Users\USURIO\AppData\Roaming\firebase\pablocatu_gmail_com_application_default_credentials.json
[debug] [2025-12-16T03:33:32.117Z] Setting GAC to C:\Users\USURIO\AppData\Roaming\firebase\pablocatu_gmail_com_application_default_credentials.json {"metadata":{"emulator":{"name":"functions"},"message":"Setting GAC to C:\\Users\\USURIO\\AppData\\Roaming\\firebase\\pablocatu_gmail_com_application_default_credentials.json"}}
[debug] [2025-12-16T03:33:32.117Z] Checked if tokens are valid: false, expires at: 1764972399086
[debug] [2025-12-16T03:33:32.117Z] Checked if tokens are valid: false, expires at: 1764972399086
[debug] [2025-12-16T03:33:32.118Z] > refreshing access token with scopes: []
[debug] [2025-12-16T03:33:32.118Z] >>> [apiv2][query] POST https://www.googleapis.com/oauth2/v3/token [none]
[debug] [2025-12-16T03:33:32.118Z] >>> [apiv2][body] POST https://www.googleapis.com/oauth2/v3/token [omitted]
[debug] [2025-12-16T03:33:32.309Z] <<< [apiv2][status] POST https://www.googleapis.com/oauth2/v3/token 200
[debug] [2025-12-16T03:33:32.309Z] <<< [apiv2][body] POST https://www.googleapis.com/oauth2/v3/token [omitted]
[debug] [2025-12-16T03:33:32.317Z] >>> [apiv2][query] GET https://firebase.googleapis.com/v1beta1/projects/itap-shop/adminSdkConfig [none]
[debug] [2025-12-16T03:33:32.438Z] <<< [apiv2][status] GET https://firebase-public.firebaseio.com/cli.json 200
[debug] [2025-12-16T03:33:32.438Z] <<< [apiv2][body] GET https://firebase-public.firebaseio.com/cli.json {"cloudBuildErrorAfter":1594252800000,"cloudBuildWarnAfter":1590019200000,"defaultNode10After":1594252800000,"minVersion":"3.0.5","node8DeploysDisabledAfter":1613390400000,"node8RuntimeDisabledAfter":1615809600000,"node8WarnAfter":1600128000000}
[debug] [2025-12-16T03:33:32.946Z] <<< [apiv2][status] GET https://firebase.googleapis.com/v1beta1/projects/itap-shop/adminSdkConfig 200
[debug] [2025-12-16T03:33:32.946Z] <<< [apiv2][body] GET https://firebase.googleapis.com/v1beta1/projects/itap-shop/adminSdkConfig {"projectId":"itap-shop","storageBucket":"itap-shop.appspot.com","locationId":"us-central"}
[info] i  ui: downloading ui-v1.15.0.zip... {"metadata":{"emulator":{"name":"ui"},"message":"downloading ui-v1.15.0.zip..."}}
[debug] [2025-12-16T03:33:32.966Z] >>> [apiv2][query] GET https://storage.googleapis.com/firebase-preview-drop/emulator/ui-v1.15.0.zip 
[debug] [2025-12-16T03:33:33.290Z] <<< [apiv2][status] GET https://storage.googleapis.com/firebase-preview-drop/emulator/ui-v1.15.0.zip 200
[debug] [2025-12-16T03:33:33.290Z] <<< [apiv2][body] GET https://storage.googleapis.com/firebase-preview-drop/emulator/ui-v1.15.0.zip [stream]
[debug] [2025-12-16T03:33:33.858Z] Data is 3538469
[debug] [2025-12-16T03:33:33.859Z] [unzip] Entry: client/ (compressed_size=0 bytes, uncompressed_size=0 bytes)
[debug] [2025-12-16T03:33:33.859Z] [unzip] Processing entry: client\
[debug] [2025-12-16T03:33:33.859Z] [unzip] mkdir: C:\Users\USURIO\.cache\firebase\emulators\ui-v1.15.0\client\
[debug] [2025-12-16T03:33:33.860Z] [unzip] Entry: client/favicon-16x16.png (compressed_size=293 bytes, uncompressed_size=293 bytes)
[debug] [2025-12-16T03:33:33.860Z] [unzip] Processing entry: client\favicon-16x16.png
[debug] [2025-12-16T03:33:33.860Z] [unzip] else mkdir: C:\Users\USURIO\.cache\firebase\emulators\ui-v1.15.0\client
[debug] [2025-12-16T03:33:33.860Z] [unzip] Writing file: C:\Users\USURIO\.cache\firebase\emulators\ui-v1.15.0\client\favicon-16x16.png
[debug] [2025-12-16T03:33:33.861Z] [unzip] Entry: client/safari-pinned-tab.svg (compressed_size=1433 bytes, uncompressed_size=2611 bytes)
[debug] [2025-12-16T03:33:33.861Z] [unzip] Processing entry: client\safari-pinned-tab.svg
[debug] [2025-12-16T03:33:33.861Z] [unzip] else mkdir: C:\Users\USURIO\.cache\firebase\emulators\ui-v1.15.0\client
[debug] [2025-12-16T03:33:33.861Z] [unzip] deflating: C:\Users\USURIO\.cache\firebase\emulators\ui-v1.15.0\client\safari-pinned-tab.svg
[debug] [2025-12-16T03:33:33.865Z] [unzip] Entry: client/favicon.ico (compressed_size=2933 bytes, uncompressed_size=13294 bytes)
[debug] [2025-12-16T03:33:33.865Z] [unzip] Processing entry: client\favicon.ico
[debug] [2025-12-16T03:33:33.865Z] [unzip] else mkdir: C:\Users\USURIO\.cache\firebase\emulators\ui-v1.15.0\client
[debug] [2025-12-16T03:33:33.866Z] [unzip] deflating: C:\Users\USURIO\.cache\firebase\emulators\ui-v1.15.0\client\favicon.ico
[debug] [2025-12-16T03:33:33.867Z] [unzip] Entry: client/index.html (compressed_size=1364 bytes, uncompressed_size=3071 bytes)
[debug] [2025-12-16T03:33:33.867Z] [unzip] Processing entry: client\index.html
[debug] [2025-12-16T03:33:33.867Z] [unzip] else mkdir: C:\Users\USURIO\.cache\firebase\emulators\ui-v1.15.0\client
[debug] [2025-12-16T03:33:33.867Z] [unzip] deflating: C:\Users\USURIO\.cache\firebase\emulators\ui-v1.15.0\client\index.html
[debug] [2025-12-16T03:33:33.869Z] [unzip] Entry: client/android-chrome-192x192.png (compressed_size=2684 bytes, uncompressed_size=2684 bytes)
[debug] [2025-12-16T03:33:33.869Z] [unzip] Processing entry: client\android-chrome-192x192.png
[debug] [2025-12-16T03:33:33.869Z] [unzip] else mkdir: C:\Users\USURIO\.cache\firebase\emulators\ui-v1.15.0\client
[debug] [2025-12-16T03:33:33.869Z] [unzip] Writing file: C:\Users\USURIO\.cache\firebase\emulators\ui-v1.15.0\client\android-chrome-192x192.png
[debug] [2025-12-16T03:33:33.870Z] [unzip] Entry: client/apple-touch-icon.png (compressed_size=2123 bytes, uncompressed_size=2152 bytes)
[debug] [2025-12-16T03:33:33.870Z] [unzip] Processing entry: client\apple-touch-icon.png
[debug] [2025-12-16T03:33:33.870Z] [unzip] else mkdir: C:\Users\USURIO\.cache\firebase\emulators\ui-v1.15.0\client
[debug] [2025-12-16T03:33:33.870Z] [unzip] deflating: C:\Users\USURIO\.cache\firebase\emulators\ui-v1.15.0\client\apple-touch-icon.png
[debug] [2025-12-16T03:33:33.871Z] [unzip] Entry: client/android-chrome-512x512.png (compressed_size=5369 bytes, uncompressed_size=5411 bytes)
[debug] [2025-12-16T03:33:33.871Z] [unzip] Processing entry: client\android-chrome-512x512.png
[debug] [2025-12-16T03:33:33.871Z] [unzip] else mkdir: C:\Users\USURIO\.cache\firebase\emulators\ui-v1.15.0\client
[debug] [2025-12-16T03:33:33.871Z] [unzip] deflating: C:\Users\USURIO\.cache\firebase\emulators\ui-v1.15.0\client\android-chrome-512x512.png
[debug] [2025-12-16T03:33:33.872Z] [unzip] Entry: client/manifest.json (compressed_size=245 bytes, uncompressed_size=551 bytes)
[debug] [2025-12-16T03:33:33.872Z] [unzip] Processing entry: client\manifest.json
[debug] [2025-12-16T03:33:33.872Z] [unzip] else mkdir: C:\Users\USURIO\.cache\firebase\emulators\ui-v1.15.0\client
[debug] [2025-12-16T03:33:33.872Z] [unzip] deflating: C:\Users\USURIO\.cache\firebase\emulators\ui-v1.15.0\client\manifest.json
[debug] [2025-12-16T03:33:33.873Z] [unzip] Entry: client/robots.txt (compressed_size=26 bytes, uncompressed_size=26 bytes)
[debug] [2025-12-16T03:33:33.873Z] [unzip] Processing entry: client\robots.txt
[debug] [2025-12-16T03:33:33.873Z] [unzip] else mkdir: C:\Users\USURIO\.cache\firebase\emulators\ui-v1.15.0\client
[debug] [2025-12-16T03:33:33.873Z] [unzip] Writing file: C:\Users\USURIO\.cache\firebase\emulators\ui-v1.15.0\client\robots.txt
[debug] [2025-12-16T03:33:33.874Z] [unzip] Entry: client/mstile-150x150.png (compressed_size=2034 bytes, uncompressed_size=2034 bytes)
[debug] [2025-12-16T03:33:33.874Z] [unzip] Processing entry: client\mstile-150x150.png
[debug] [2025-12-16T03:33:33.874Z] [unzip] else mkdir: C:\Users\USURIO\.cache\firebase\emulators\ui-v1.15.0\client
[debug] [2025-12-16T03:33:33.874Z] [unzip] Writing file: C:\Users\USURIO\.cache\firebase\emulators\ui-v1.15.0\client\mstile-150x150.png
[debug] [2025-12-16T03:33:33.875Z] [unzip] Entry: client/assets/ (compressed_size=0 bytes, uncompressed_size=0 bytes)
[debug] [2025-12-16T03:33:33.875Z] [unzip] Processing entry: client\assets\
[debug] [2025-12-16T03:33:33.875Z] [unzip] mkdir: C:\Users\USURIO\.cache\firebase\emulators\ui-v1.15.0\client\assets\
[debug] [2025-12-16T03:33:33.875Z] [unzip] Entry: client/assets/index-BX-A56oj.js (compressed_size=582089 bytes, uncompressed_size=2092775 bytes)
[debug] [2025-12-16T03:33:33.875Z] [unzip] Processing entry: client\assets\index-BX-A56oj.js
[debug] [2025-12-16T03:33:33.875Z] [unzip] else mkdir: C:\Users\USURIO\.cache\firebase\emulators\ui-v1.15.0\client\assets
[debug] [2025-12-16T03:33:33.875Z] [unzip] deflating: C:\Users\USURIO\.cache\firebase\emulators\ui-v1.15.0\client\assets\index-BX-A56oj.js
[debug] [2025-12-16T03:33:33.884Z] [unzip] Entry: client/assets/index-CjB9C900.css (compressed_size=35979 bytes, uncompressed_size=298654 bytes)
[debug] [2025-12-16T03:33:33.884Z] [unzip] Processing entry: client\assets\index-CjB9C900.css
[debug] [2025-12-16T03:33:33.884Z] [unzip] else mkdir: C:\Users\USURIO\.cache\firebase\emulators\ui-v1.15.0\client\assets
[debug] [2025-12-16T03:33:33.884Z] [unzip] deflating: C:\Users\USURIO\.cache\firebase\emulators\ui-v1.15.0\client\assets\index-CjB9C900.css
[debug] [2025-12-16T03:33:33.886Z] [unzip] Entry: client/assets/index-BX-A56oj.js.map (compressed_size=2362482 bytes, uncompressed_size=10036679 bytes)
[debug] [2025-12-16T03:33:33.886Z] [unzip] Processing entry: client\assets\index-BX-A56oj.js.map
[debug] [2025-12-16T03:33:33.886Z] [unzip] else mkdir: C:\Users\USURIO\.cache\firebase\emulators\ui-v1.15.0\client\assets
[debug] [2025-12-16T03:33:33.886Z] [unzip] deflating: C:\Users\USURIO\.cache\firebase\emulators\ui-v1.15.0\client\assets\index-BX-A56oj.js.map
[debug] [2025-12-16T03:33:33.918Z] [unzip] Entry: client/assets/extensions/ (compressed_size=0 bytes, uncompressed_size=0 bytes)
[debug] [2025-12-16T03:33:33.918Z] [unzip] Processing entry: client\assets\extensions\
[debug] [2025-12-16T03:33:33.918Z] [unzip] mkdir: C:\Users\USURIO\.cache\firebase\emulators\ui-v1.15.0\client\assets\extensions\
[debug] [2025-12-16T03:33:33.919Z] [unzip] Entry: client/assets/extensions/default-extension.png (compressed_size=1646 bytes, uncompressed_size=1657 bytes)
[debug] [2025-12-16T03:33:33.919Z] [unzip] Processing entry: client\assets\extensions\default-extension.png
[debug] [2025-12-16T03:33:33.919Z] [unzip] else mkdir: C:\Users\USURIO\.cache\firebase\emulators\ui-v1.15.0\client\assets\extensions
[debug] [2025-12-16T03:33:33.919Z] [unzip] deflating: C:\Users\USURIO\.cache\firebase\emulators\ui-v1.15.0\client\assets\extensions\default-extension.png
[debug] [2025-12-16T03:33:33.920Z] [unzip] Entry: client/assets/img/ (compressed_size=0 bytes, uncompressed_size=0 bytes)
[debug] [2025-12-16T03:33:33.920Z] [unzip] Processing entry: client\assets\img\
[debug] [2025-12-16T03:33:33.920Z] [unzip] mkdir: C:\Users\USURIO\.cache\firebase\emulators\ui-v1.15.0\client\assets\img\
[debug] [2025-12-16T03:33:33.921Z] [unzip] Entry: client/assets/img/database.png (compressed_size=29449 bytes, uncompressed_size=29988 bytes)
[debug] [2025-12-16T03:33:33.921Z] [unzip] Processing entry: client\assets\img\database.png
[debug] [2025-12-16T03:33:33.921Z] [unzip] else mkdir: C:\Users\USURIO\.cache\firebase\emulators\ui-v1.15.0\client\assets\img
[debug] [2025-12-16T03:33:33.921Z] [unzip] deflating: C:\Users\USURIO\.cache\firebase\emulators\ui-v1.15.0\client\assets\img\database.png
[debug] [2025-12-16T03:33:33.922Z] [unzip] Entry: client/assets/provider-icons/ (compressed_size=0 bytes, uncompressed_size=0 bytes)
[debug] [2025-12-16T03:33:33.922Z] [unzip] Processing entry: client\assets\provider-icons\
[debug] [2025-12-16T03:33:33.922Z] [unzip] mkdir: C:\Users\USURIO\.cache\firebase\emulators\ui-v1.15.0\client\assets\provider-icons\
[debug] [2025-12-16T03:33:33.922Z] [unzip] Entry: client/assets/provider-icons/auth_service_saml.svg (compressed_size=575 bytes, uncompressed_size=1226 bytes)
[debug] [2025-12-16T03:33:33.923Z] [unzip] Processing entry: client\assets\provider-icons\auth_service_saml.svg
[debug] [2025-12-16T03:33:33.923Z] [unzip] else mkdir: C:\Users\USURIO\.cache\firebase\emulators\ui-v1.15.0\client\assets\provider-icons
[debug] [2025-12-16T03:33:33.923Z] [unzip] deflating: C:\Users\USURIO\.cache\firebase\emulators\ui-v1.15.0\client\assets\provider-icons\auth_service_saml.svg
[debug] [2025-12-16T03:33:33.924Z] [unzip] Entry: client/assets/provider-icons/auth_service_phone.svg (compressed_size=261 bytes, uncompressed_size=414 bytes)
[debug] [2025-12-16T03:33:33.924Z] [unzip] Processing entry: client\assets\provider-icons\auth_service_phone.svg
[debug] [2025-12-16T03:33:33.924Z] [unzip] else mkdir: C:\Users\USURIO\.cache\firebase\emulators\ui-v1.15.0\client\assets\provider-icons
[debug] [2025-12-16T03:33:33.924Z] [unzip] deflating: C:\Users\USURIO\.cache\firebase\emulators\ui-v1.15.0\client\assets\provider-icons\auth_service_phone.svg
[debug] [2025-12-16T03:33:33.925Z] [unzip] Entry: client/assets/provider-icons/auth_service_facebook.svg (compressed_size=289 bytes, uncompressed_size=457 bytes)
[debug] [2025-12-16T03:33:33.925Z] [unzip] Processing entry: client\assets\provider-icons\auth_service_facebook.svg
[debug] [2025-12-16T03:33:33.925Z] [unzip] else mkdir: C:\Users\USURIO\.cache\firebase\emulators\ui-v1.15.0\client\assets\provider-icons
[debug] [2025-12-16T03:33:33.925Z] [unzip] deflating: C:\Users\USURIO\.cache\firebase\emulators\ui-v1.15.0\client\assets\provider-icons\auth_service_facebook.svg
[debug] [2025-12-16T03:33:33.926Z] [unzip] Entry: client/assets/provider-icons/auth_service_game_center.svg (compressed_size=991 bytes, uncompressed_size=3921 bytes)
[debug] [2025-12-16T03:33:33.926Z] [unzip] Processing entry: client\assets\provider-icons\auth_service_game_center.svg
[debug] [2025-12-16T03:33:33.926Z] [unzip] else mkdir: C:\Users\USURIO\.cache\firebase\emulators\ui-v1.15.0\client\assets\provider-icons
[debug] [2025-12-16T03:33:33.926Z] [unzip] deflating: C:\Users\USURIO\.cache\firebase\emulators\ui-v1.15.0\client\assets\provider-icons\auth_service_game_center.svg
[debug] [2025-12-16T03:33:33.927Z] [unzip] Entry: client/assets/provider-icons/auth_service_apple.svg (compressed_size=230 bytes, uncompressed_size=334 bytes)
[debug] [2025-12-16T03:33:33.927Z] [unzip] Processing entry: client\assets\provider-icons\auth_service_apple.svg
[debug] [2025-12-16T03:33:33.927Z] [unzip] else mkdir: C:\Users\USURIO\.cache\firebase\emulators\ui-v1.15.0\client\assets\provider-icons
[debug] [2025-12-16T03:33:33.927Z] [unzip] deflating: C:\Users\USURIO\.cache\firebase\emulators\ui-v1.15.0\client\assets\provider-icons\auth_service_apple.svg
[debug] [2025-12-16T03:33:33.928Z] [unzip] Entry: client/assets/provider-icons/auth_service_github.svg (compressed_size=466 bytes, uncompressed_size=838 bytes)
[debug] [2025-12-16T03:33:33.928Z] [unzip] Processing entry: client\assets\provider-icons\auth_service_github.svg
[debug] [2025-12-16T03:33:33.928Z] [unzip] else mkdir: C:\Users\USURIO\.cache\firebase\emulators\ui-v1.15.0\client\assets\provider-icons
[debug] [2025-12-16T03:33:33.928Z] [unzip] deflating: C:\Users\USURIO\.cache\firebase\emulators\ui-v1.15.0\client\assets\provider-icons\auth_service_github.svg
[debug] [2025-12-16T03:33:33.929Z] [unzip] Entry: client/assets/provider-icons/auth_service_mslive.svg (compressed_size=203 bytes, uncompressed_size=378 bytes)
[debug] [2025-12-16T03:33:33.929Z] [unzip] Processing entry: client\assets\provider-icons\auth_service_mslive.svg
[debug] [2025-12-16T03:33:33.929Z] [unzip] else mkdir: C:\Users\USURIO\.cache\firebase\emulators\ui-v1.15.0\client\assets\provider-icons
[debug] [2025-12-16T03:33:33.930Z] [unzip] deflating: C:\Users\USURIO\.cache\firebase\emulators\ui-v1.15.0\client\assets\provider-icons\auth_service_mslive.svg
[debug] [2025-12-16T03:33:33.930Z] [unzip] Entry: client/assets/provider-icons/auth_service_yahoo.svg (compressed_size=577 bytes, uncompressed_size=1182 bytes)
[debug] [2025-12-16T03:33:33.930Z] [unzip] Processing entry: client\assets\provider-icons\auth_service_yahoo.svg
[debug] [2025-12-16T03:33:33.930Z] [unzip] else mkdir: C:\Users\USURIO\.cache\firebase\emulators\ui-v1.15.0\client\assets\provider-icons
[debug] [2025-12-16T03:33:33.931Z] [unzip] deflating: C:\Users\USURIO\.cache\firebase\emulators\ui-v1.15.0\client\assets\provider-icons\auth_service_yahoo.svg
[debug] [2025-12-16T03:33:33.932Z] [unzip] Entry: client/assets/provider-icons/auth_service_twitter.svg (compressed_size=444 bytes, uncompressed_size=751 bytes)
[debug] [2025-12-16T03:33:33.932Z] [unzip] Processing entry: client\assets\provider-icons\auth_service_twitter.svg
[debug] [2025-12-16T03:33:33.932Z] [unzip] else mkdir: C:\Users\USURIO\.cache\firebase\emulators\ui-v1.15.0\client\assets\provider-icons
[debug] [2025-12-16T03:33:33.932Z] [unzip] deflating: C:\Users\USURIO\.cache\firebase\emulators\ui-v1.15.0\client\assets\provider-icons\auth_service_twitter.svg
[debug] [2025-12-16T03:33:33.933Z] [unzip] Entry: client/assets/provider-icons/auth_service_play_games.svg (compressed_size=565 bytes, uncompressed_size=1173 bytes)
[debug] [2025-12-16T03:33:33.933Z] [unzip] Processing entry: client\assets\provider-icons\auth_service_play_games.svg
[debug] [2025-12-16T03:33:33.933Z] [unzip] else mkdir: C:\Users\USURIO\.cache\firebase\emulators\ui-v1.15.0\client\assets\provider-icons
[debug] [2025-12-16T03:33:33.933Z] [unzip] deflating: C:\Users\USURIO\.cache\firebase\emulators\ui-v1.15.0\client\assets\provider-icons\auth_service_play_games.svg
[debug] [2025-12-16T03:33:33.934Z] [unzip] Entry: client/assets/provider-icons/auth_service_email.svg (compressed_size=228 bytes, uncompressed_size=326 bytes)
[debug] [2025-12-16T03:33:33.934Z] [unzip] Processing entry: client\assets\provider-icons\auth_service_email.svg
[debug] [2025-12-16T03:33:33.934Z] [unzip] else mkdir: C:\Users\USURIO\.cache\firebase\emulators\ui-v1.15.0\client\assets\provider-icons
[debug] [2025-12-16T03:33:33.935Z] [unzip] deflating: C:\Users\USURIO\.cache\firebase\emulators\ui-v1.15.0\client\assets\provider-icons\auth_service_email.svg
[debug] [2025-12-16T03:33:33.935Z] [unzip] Entry: client/assets/provider-icons/auth_service_google.svg (compressed_size=409 bytes, uncompressed_size=720 bytes)
[debug] [2025-12-16T03:33:33.935Z] [unzip] Processing entry: client\assets\provider-icons\auth_service_google.svg
[debug] [2025-12-16T03:33:33.935Z] [unzip] else mkdir: C:\Users\USURIO\.cache\firebase\emulators\ui-v1.15.0\client\assets\provider-icons
[debug] [2025-12-16T03:33:33.936Z] [unzip] deflating: C:\Users\USURIO\.cache\firebase\emulators\ui-v1.15.0\client\assets\provider-icons\auth_service_google.svg
[debug] [2025-12-16T03:33:33.936Z] [unzip] Entry: client/assets/provider-icons/auth_service_oidc.svg (compressed_size=414 bytes, uncompressed_size=858 bytes)
[debug] [2025-12-16T03:33:33.936Z] [unzip] Processing entry: client\assets\provider-icons\auth_service_oidc.svg
[debug] [2025-12-16T03:33:33.936Z] [unzip] else mkdir: C:\Users\USURIO\.cache\firebase\emulators\ui-v1.15.0\client\assets\provider-icons
[debug] [2025-12-16T03:33:33.936Z] [unzip] deflating: C:\Users\USURIO\.cache\firebase\emulators\ui-v1.15.0\client\assets\provider-icons\auth_service_oidc.svg
[debug] [2025-12-16T03:33:33.937Z] [unzip] Entry: client/browserconfig.xml (compressed_size=491 bytes, uncompressed_size=822 bytes)
[debug] [2025-12-16T03:33:33.937Z] [unzip] Processing entry: client\browserconfig.xml
[debug] [2025-12-16T03:33:33.937Z] [unzip] else mkdir: C:\Users\USURIO\.cache\firebase\emulators\ui-v1.15.0\client
[debug] [2025-12-16T03:33:33.937Z] [unzip] deflating: C:\Users\USURIO\.cache\firebase\emulators\ui-v1.15.0\client\browserconfig.xml
[debug] [2025-12-16T03:33:33.938Z] [unzip] Entry: client/favicon-32x32.png (compressed_size=475 bytes, uncompressed_size=475 bytes)
[debug] [2025-12-16T03:33:33.938Z] [unzip] Processing entry: client\favicon-32x32.png
[debug] [2025-12-16T03:33:33.938Z] [unzip] else mkdir: C:\Users\USURIO\.cache\firebase\emulators\ui-v1.15.0\client
[debug] [2025-12-16T03:33:33.938Z] [unzip] Writing file: C:\Users\USURIO\.cache\firebase\emulators\ui-v1.15.0\client\favicon-32x32.png
[debug] [2025-12-16T03:33:33.939Z] [unzip] Entry: server/ (compressed_size=0 bytes, uncompressed_size=0 bytes)
[debug] [2025-12-16T03:33:33.939Z] [unzip] Processing entry: server\
[debug] [2025-12-16T03:33:33.939Z] [unzip] mkdir: C:\Users\USURIO\.cache\firebase\emulators\ui-v1.15.0\server\
[debug] [2025-12-16T03:33:33.939Z] [unzip] Entry: server/server.mjs.map (compressed_size=217845 bytes, uncompressed_size=944978 bytes)
[debug] [2025-12-16T03:33:33.939Z] [unzip] Processing entry: server\server.mjs.map
[debug] [2025-12-16T03:33:33.939Z] [unzip] else mkdir: C:\Users\USURIO\.cache\firebase\emulators\ui-v1.15.0\server
[debug] [2025-12-16T03:33:33.939Z] [unzip] deflating: C:\Users\USURIO\.cache\firebase\emulators\ui-v1.15.0\server\server.mjs.map
[debug] [2025-12-16T03:33:33.943Z] [unzip] Entry: server/server.mjs (compressed_size=276407 bytes, uncompressed_size=933701 bytes)
[debug] [2025-12-16T03:33:33.943Z] [unzip] Processing entry: server\server.mjs
[debug] [2025-12-16T03:33:33.943Z] [unzip] else mkdir: C:\Users\USURIO\.cache\firebase\emulators\ui-v1.15.0\server
[debug] [2025-12-16T03:33:33.943Z] [unzip] deflating: C:\Users\USURIO\.cache\firebase\emulators\ui-v1.15.0\server\server.mjs
[info] i  functions: Watching "C:\Users\USURIO\Documents\web_itap\itapimpresiones-next\functions" for Cloud Functions... {"metadata":{"emulator":{"name":"functions"},"message":"Watching \"C:\\Users\\USURIO\\Documents\\web_itap\\itapimpresiones-next\\functions\" for Cloud Functions..."}}
[debug] [2025-12-16T03:33:33.963Z] Validating nodejs source
[warn] !  functions: package.json indicates an outdated version of firebase-functions. Please upgrade using npm install --save firebase-functions@latest in your functions directory. 
[warn] !  functions: Please note that there will be breaking changes when you upgrade. 
[debug] [2025-12-16T03:33:34.744Z] > [functions] package.json contents: {
  "name": "functions",
  "scripts": {
    "lint": "eslint --ext .js,.ts .",
    "lint:fix": "eslint --ext .js,.ts . --fix",
    "build": "tsc",
    "build:watch": "tsc --watch",
    "serve": "npm run build && firebase emulators:start --only functions",
    "shell": "npm run build && firebase functions:shell",
    "start": "npm run shell",
    "deploy": "firebase deploy --only functions",
    "logs": "firebase functions:log",
    "test": "npm run build && mocha lib/test/**/*.test.js"
  },
  "engines": {
    "node": "20"
  },
  "main": "lib/index.js",
  "dependencies": {
    "@types/nodemailer": "^7.0.4",
    "firebase-admin": "^12.6.0",
    "firebase-functions": "^6.0.1"
  },
  "devDependencies": {
    "@types/chai": "^4.3.20",
    "@types/mocha": "^10.0.10",
    "@types/sinon": "^21.0.0",
    "@typescript-eslint/eslint-plugin": "^5.12.0",
    "@typescript-eslint/parser": "^5.12.0",
    "chai": "^4.5.0",
    "eslint": "^8.9.0",
    "eslint-config-google": "^0.14.0",
    "eslint-plugin-import": "^2.25.4",
    "firebase-functions-test": "^3.1.0",
    "mocha": "^11.7.5",
    "sinon": "^21.0.0",
    "ts-node": "^10.9.2",
    "typescript": "^5.7.3"
  },
  "private": true
}
[debug] [2025-12-16T03:33:34.745Z] Building nodejs source
[debug] [2025-12-16T03:33:34.745Z] Failed to find version of module node: reached end of search path C:\Users\USURIO\Documents\web_itap\itapimpresiones-next\functions\node_modules
[info] +  functions: Using node@20 from host. 
[info] i  functions: Loaded environment variables from .env.itap-shop. 
[debug] [2025-12-16T03:33:34.749Z] Could not find functions.yaml. Must use http discovery
[debug] [2025-12-16T03:33:34.757Z] Found firebase-functions binary at 'C:\Users\USURIO\Documents\web_itap\itapimpresiones-next\functions\node_modules\.bin\firebase-functions'
[info] Serving at port 8311

[error] Error: Cannot find module 'nodemailer'
Require stack:
- C:\Users\USURIO\Documents\web_itap\itapimpresiones-next\functions\lib\index.js
- C:\Users\USURIO\Documents\web_itap\itapimpresiones-next\functions\node_modules\firebase-functions\lib\runtime\loader.js
- C:\Users\USURIO\Documents\web_itap\itapimpresiones-next\functions\node_modules\firebase-functions\lib\bin\firebase-functions.js
    at Module._resolveFilename (node:internal/modules/cjs/loader:1145:15)
    at Module._load (node:internal/modules/cjs/loader:986:27)
    at Module.require (node:internal/modules/cjs/loader:1233:19)
    at require (node:internal/modules/helpers:179:18)
    at Object.<anonymous> (C:\Users\USURIO\Documents\web_itap\itapimpresiones-next\functions\lib\index.js:39:33)
    at Module._compile (node:internal/modules/cjs/loader:1358:14)
    at Module._extensions..js (node:internal/modules/cjs/loader:1416:10)
    at Module.load (node:internal/modules/cjs/loader:1208:32)
    at Module._load (node:internal/modules/cjs/loader:1024:12)
    at Module.require (node:internal/modules/cjs/loader:1233:19) {
  code: 'MODULE_NOT_FOUND',
  requireStack: [
    'C:\\Users\\USURIO\\Documents\\web_itap\\itapimpresiones-next\\functions\\lib\\index.js',
    'C:\\Users\\USURIO\\Documents\\web_itap\\itapimpresiones-next\\functions\\node_modules\\firebase-functions\\lib\\runtime\\loader.js',
    'C:\\Users\\USURIO\\Documents\\web_itap\\itapimpresiones-next\\functions\\node_modules\\firebase-functions\\lib\\bin\\firebase-functions.js'
  ]
}

[debug] [2025-12-16T03:33:35.113Z] Got response code 400; body Failed to generate manifest from function source: Cannot find module 'nodemailer'
Require stack:
- C:\Users\USURIO\Documents\web_itap\itapimpresiones-next\functions\lib\index.js
- C:\Users\USURIO\Documents\web_itap\itapimpresiones-next\functions\node_modules\firebase-functions\lib\runtime\loader.js
- C:\Users\USURIO\Documents\web_itap\itapimpresiones-next\functions\node_modules\firebase-functions\lib\bin\firebase-functions.js
[error] !!  functions: Failed to load function definition from source: FirebaseError: Functions codebase could not be analyzed successfully. It may have a syntax or runtime error {"metadata":{"emulator":{"name":"functions"},"message":"Failed to load function definition from source: FirebaseError: Functions codebase could not be analyzed successfully. It may have a syntax or runtime error"}}
[debug] [2025-12-16T03:33:40.140Z] Could not find VSCode notification endpoint: FetchError: request to http://localhost:40001/vscode/notify failed, reason: . If you are not running the Firebase Data Connect VSCode extension, this is expected and not an issue.
[info] 
┌─────────────────────────────────────────────────────────────┐
│ ✔  All emulators ready! It is now safe to connect your app. │
│ i  View Emulator UI at http://127.0.0.1:4000/               │
└─────────────────────────────────────────────────────────────┘

┌───────────┬────────────────┬─────────────────────────────────┐
│ Emulator  │ Host:Port      │ View in Emulator UI             │
├───────────┼────────────────┼─────────────────────────────────┤
│ Functions │ 127.0.0.1:5001 │ http://127.0.0.1:4000/functions │
└───────────┴────────────────┴─────────────────────────────────┘
  Emulator Hub host: 127.0.0.1 port: 4400
  Other reserved ports: 4500

Issues? Report them at https://github.com/firebase/firebase-tools/issues and attach the *-debug.log files.
 
[debug] [2025-12-16T03:34:46.193Z] File C:\Users\USURIO\Documents\web_itap\itapimpresiones-next\functions\package.json changed, reloading triggers {"metadata":{"emulator":{"name":"functions"},"message":"File C:\\Users\\USURIO\\Documents\\web_itap\\itapimpresiones-next\\functions\\package.json changed, reloading triggers"}}
[debug] [2025-12-16T03:34:47.203Z] Validating nodejs source
[warn] !  functions: package.json indicates an outdated version of firebase-functions. Please upgrade using npm install --save firebase-functions@latest in your functions directory. 
[warn] !  functions: Please note that there will be breaking changes when you upgrade. 
[debug] [2025-12-16T03:34:48.104Z] > [functions] package.json contents: {
  "name": "functions",
  "scripts": {
    "lint": "eslint --ext .js,.ts .",
    "lint:fix": "eslint --ext .js,.ts . --fix",
    "build": "tsc",
    "build:watch": "tsc --watch",
    "serve": "npm run build && firebase emulators:start --only functions",
    "shell": "npm run build && firebase functions:shell",
    "start": "npm run shell",
    "deploy": "firebase deploy --only functions",
    "logs": "firebase functions:log",
    "test": "npm run build && mocha lib/test/**/*.test.js"
  },
  "engines": {
    "node": "20"
  },
  "main": "lib/index.js",
  "dependencies": {
    "@types/nodemailer": "^7.0.4",
    "firebase-admin": "^12.6.0",
    "firebase-functions": "^6.0.1",
    "nodemailer": "^6.9.8"
  },
  "devDependencies": {
    "@types/chai": "^4.3.20",
    "@types/mocha": "^10.0.10",
    "@types/sinon": "^21.0.0",
    "@typescript-eslint/eslint-plugin": "^5.12.0",
    "@typescript-eslint/parser": "^5.12.0",
    "chai": "^4.5.0",
    "eslint": "^8.9.0",
    "eslint-config-google": "^0.14.0",
    "eslint-plugin-import": "^2.25.4",
    "firebase-functions-test": "^3.1.0",
    "mocha": "^11.7.5",
    "sinon": "^21.0.0",
    "ts-node": "^10.9.2",
    "typescript": "^5.7.3"
  },
  "private": true
}
[debug] [2025-12-16T03:34:48.104Z] Building nodejs source
[debug] [2025-12-16T03:34:48.104Z] Failed to find version of module node: reached end of search path C:\Users\USURIO\Documents\web_itap\itapimpresiones-next\functions\node_modules
[info] +  functions: Using node@20 from host. 
[info] i  functions: Loaded environment variables from .env.itap-shop. 
[debug] [2025-12-16T03:34:48.106Z] Could not find functions.yaml. Must use http discovery
[debug] [2025-12-16T03:34:48.118Z] Found firebase-functions binary at 'C:\Users\USURIO\Documents\web_itap\itapimpresiones-next\functions\node_modules\.bin\firebase-functions'
[info] Serving at port 8072

[error] Error: Cannot find module 'nodemailer'
Require stack:
- C:\Users\USURIO\Documents\web_itap\itapimpresiones-next\functions\lib\index.js
- C:\Users\USURIO\Documents\web_itap\itapimpresiones-next\functions\node_modules\firebase-functions\lib\runtime\loader.js
- C:\Users\USURIO\Documents\web_itap\itapimpresiones-next\functions\node_modules\firebase-functions\lib\bin\firebase-functions.js
    at Module._resolveFilename (node:internal/modules/cjs/loader:1145:15)
    at Module._load (node:internal/modules/cjs/loader:986:27)
    at Module.require (node:internal/modules/cjs/loader:1233:19)
    at require (node:internal/modules/helpers:179:18)
    at Object.<anonymous> (C:\Users\USURIO\Documents\web_itap\itapimpresiones-next\functions\lib\index.js:39:33)
    at Module._compile (node:internal/modules/cjs/loader:1358:14)
    at Module._extensions..js (node:internal/modules/cjs/loader:1416:10)
    at Module.load (node:internal/modules/cjs/loader:1208:32)
    at Module._load (node:internal/modules/cjs/loader:1024:12)
    at Module.require (node:internal/modules/cjs/loader:1233:19) {
  code: 'MODULE_NOT_FOUND',
  requireStack: [
    'C:\\Users\\USURIO\\Documents\\web_itap\\itapimpresiones-next\\functions\\lib\\index.js',
    'C:\\Users\\USURIO\\Documents\\web_itap\\itapimpresiones-next\\functions\\node_modules\\firebase-functions\\lib\\runtime\\loader.js',
    'C:\\Users\\USURIO\\Documents\\web_itap\\itapimpresiones-next\\functions\\node_modules\\firebase-functions\\lib\\bin\\firebase-functions.js'
  ]
}

[debug] [2025-12-16T03:34:48.500Z] Got response code 400; body Failed to generate manifest from function source: Cannot find module 'nodemailer'
Require stack:
- C:\Users\USURIO\Documents\web_itap\itapimpresiones-next\functions\lib\index.js
- C:\Users\USURIO\Documents\web_itap\itapimpresiones-next\functions\node_modules\firebase-functions\lib\runtime\loader.js
- C:\Users\USURIO\Documents\web_itap\itapimpresiones-next\functions\node_modules\firebase-functions\lib\bin\firebase-functions.js
[error] !!  functions: Failed to load function definition from source: FirebaseError: Functions codebase could not be analyzed successfully. It may have a syntax or runtime error {"metadata":{"emulator":{"name":"functions"},"message":"Failed to load function definition from source: FirebaseError: Functions codebase could not be analyzed successfully. It may have a syntax or runtime error"}}
[debug] [2025-12-16T03:34:57.478Z] File C:\Users\USURIO\Documents\web_itap\itapimpresiones-next\functions\package-lock.json changed, reloading triggers {"metadata":{"emulator":{"name":"functions"},"message":"File C:\\Users\\USURIO\\Documents\\web_itap\\itapimpresiones-next\\functions\\package-lock.json changed, reloading triggers"}}
[debug] [2025-12-16T03:34:58.483Z] Validating nodejs source
[warn] !  functions: package.json indicates an outdated version of firebase-functions. Please upgrade using npm install --save firebase-functions@latest in your functions directory. 
[warn] !  functions: Please note that there will be breaking changes when you upgrade. 
[debug] [2025-12-16T03:34:59.362Z] > [functions] package.json contents: {
  "name": "functions",
  "scripts": {
    "lint": "eslint --ext .js,.ts .",
    "lint:fix": "eslint --ext .js,.ts . --fix",
    "build": "tsc",
    "build:watch": "tsc --watch",
    "serve": "npm run build && firebase emulators:start --only functions",
    "shell": "npm run build && firebase functions:shell",
    "start": "npm run shell",
    "deploy": "firebase deploy --only functions",
    "logs": "firebase functions:log",
    "test": "npm run build && mocha lib/test/**/*.test.js"
  },
  "engines": {
    "node": "20"
  },
  "main": "lib/index.js",
  "dependencies": {
    "@types/nodemailer": "^7.0.4",
    "firebase-admin": "^12.6.0",
    "firebase-functions": "^6.0.1",
    "nodemailer": "^6.9.8"
  },
  "devDependencies": {
    "@types/chai": "^4.3.20",
    "@types/mocha": "^10.0.10",
    "@types/sinon": "^21.0.0",
    "@typescript-eslint/eslint-plugin": "^5.12.0",
    "@typescript-eslint/parser": "^5.12.0",
    "chai": "^4.5.0",
    "eslint": "^8.9.0",
    "eslint-config-google": "^0.14.0",
    "eslint-plugin-import": "^2.25.4",
    "firebase-functions-test": "^3.1.0",
    "mocha": "^11.7.5",
    "sinon": "^21.0.0",
    "ts-node": "^10.9.2",
    "typescript": "^5.7.3"
  },
  "private": true
}
[debug] [2025-12-16T03:34:59.363Z] Building nodejs source
[debug] [2025-12-16T03:34:59.363Z] Failed to find version of module node: reached end of search path C:\Users\USURIO\Documents\web_itap\itapimpresiones-next\functions\node_modules
[info] +  functions: Using node@20 from host. 
[info] i  functions: Loaded environment variables from .env.itap-shop. 
[debug] [2025-12-16T03:34:59.364Z] Could not find functions.yaml. Must use http discovery
[debug] [2025-12-16T03:34:59.374Z] Found firebase-functions binary at 'C:\Users\USURIO\Documents\web_itap\itapimpresiones-next\functions\node_modules\.bin\firebase-functions'
[info] Serving at port 8992

[debug] [2025-12-16T03:35:00.068Z] Got response from /__/functions.yaml {"endpoints":{"onNewOrderCreated":{"availableMemoryMb":null,"timeoutSeconds":null,"minInstances":null,"maxInstances":null,"ingressSettings":null,"concurrency":null,"serviceAccountEmail":null,"vpc":null,"platform":"gcfv2","labels":{},"eventTrigger":{"eventType":"google.cloud.firestore.document.v1.created","eventFilters":{"database":"(default)","namespace":"(default)"},"eventFilterPathPatterns":{"document":"orders/{orderId}"},"retry":false},"entryPoint":"onNewOrderCreated"},"onOrderStatusUpdated":{"availableMemoryMb":null,"timeoutSeconds":null,"minInstances":null,"maxInstances":null,"ingressSettings":null,"concurrency":null,"serviceAccountEmail":null,"vpc":null,"platform":"gcfv2","labels":{},"eventTrigger":{"eventType":"google.cloud.firestore.document.v1.updated","eventFilters":{"database":"(default)","namespace":"(default)"},"eventFilterPathPatterns":{"document":"orders/{orderId}"},"retry":false},"entryPoint":"onOrderStatusUpdated"},"onNewChatMessage":{"availableMemoryMb":null,"timeoutSeconds":null,"minInstances":null,"maxInstances":null,"ingressSettings":null,"concurrency":null,"serviceAccountEmail":null,"vpc":null,"platform":"gcfv2","labels":{},"eventTrigger":{"eventType":"google.cloud.firestore.document.v1.created","eventFilters":{"database":"(default)","namespace":"(default)"},"eventFilterPathPatterns":{"document":"orders/{orderId}/messages/{messageId}"},"retry":false},"entryPoint":"onNewChatMessage"},"onNewContactSubmission":{"availableMemoryMb":null,"timeoutSeconds":null,"minInstances":null,"maxInstances":null,"ingressSettings":null,"concurrency":null,"serviceAccountEmail":null,"vpc":null,"platform":"gcfv2","labels":{},"eventTrigger":{"eventType":"google.cloud.firestore.document.v1.created","eventFilters":{"database":"(default)","namespace":"(default)"},"eventFilterPathPatterns":{"document":"contact_submissions/{submissionId}"},"retry":false},"entryPoint":"onNewContactSubmission"},"sendOrderConfirmationEmail":{"availableMemoryMb":null,"timeoutSeconds":null,"minInstances":null,"maxInstances":null,"ingressSettings":null,"concurrency":null,"serviceAccountEmail":null,"vpc":null,"platform":"gcfv2","labels":{},"eventTrigger":{"eventType":"google.cloud.firestore.document.v1.created","eventFilters":{"database":"(default)","namespace":"(default)"},"eventFilterPathPatterns":{"document":"orders/{orderId}"},"retry":false},"entryPoint":"sendOrderConfirmationEmail"},"sendOrderStatusUpdateEmail":{"availableMemoryMb":null,"timeoutSeconds":null,"minInstances":null,"maxInstances":null,"ingressSettings":null,"concurrency":null,"serviceAccountEmail":null,"vpc":null,"platform":"gcfv2","labels":{},"eventTrigger":{"eventType":"google.cloud.firestore.document.v1.updated","eventFilters":{"database":"(default)","namespace":"(default)"},"eventFilterPathPatterns":{"document":"orders/{orderId}"},"retry":false},"entryPoint":"sendOrderStatusUpdateEmail"},"sendLowStockEmail":{"availableMemoryMb":null,"timeoutSeconds":null,"minInstances":null,"maxInstances":null,"ingressSettings":null,"concurrency":null,"serviceAccountEmail":null,"vpc":null,"platform":"gcfv2","labels":{},"eventTrigger":{"eventType":"google.cloud.firestore.document.v1.updated","eventFilters":{"database":"(default)","namespace":"(default)"},"eventFilterPathPatterns":{"document":"products/{productId}"},"retry":false},"entryPoint":"sendLowStockEmail"}},"specVersion":"v1alpha1","requiredAPIs":[],"extensions":{}}
[info] +  functions: Loaded functions definitions from source: onNewOrderCreated, onOrderStatusUpdated, onNewChatMessage, onNewContactSubmission, sendOrderConfirmationEmail, sendOrderStatusUpdateEmail, sendLowStockEmail. {"metadata":{"emulator":{"name":"functions"},"message":"Loaded functions definitions from source: onNewOrderCreated, onOrderStatusUpdated, onNewChatMessage, onNewContactSubmission, sendOrderConfirmationEmail, sendOrderStatusUpdateEmail, sendLowStockEmail."}}
[info] i  functions[us-central1-onNewOrderCreated]: function ignored because the firestore emulator does not exist or is not running. {"metadata":{"emulator":{"name":"functions"},"message":"function ignored because the firestore emulator does not exist or is not running."}}
[info] i  functions[us-central1-onOrderStatusUpdated]: function ignored because the firestore emulator does not exist or is not running. {"metadata":{"emulator":{"name":"functions"},"message":"function ignored because the firestore emulator does not exist or is not running."}}
[info] i  functions[us-central1-onNewChatMessage]: function ignored because the firestore emulator does not exist or is not running. {"metadata":{"emulator":{"name":"functions"},"message":"function ignored because the firestore emulator does not exist or is not running."}}
[info] i  functions[us-central1-onNewContactSubmission]: function ignored because the firestore emulator does not exist or is not running. {"metadata":{"emulator":{"name":"functions"},"message":"function ignored because the firestore emulator does not exist or is not running."}}
[info] i  functions[us-central1-sendOrderConfirmationEmail]: function ignored because the firestore emulator does not exist or is not running. {"metadata":{"emulator":{"name":"functions"},"message":"function ignored because the firestore emulator does not exist or is not running."}}
[info] i  functions[us-central1-sendOrderStatusUpdateEmail]: function ignored because the firestore emulator does not exist or is not running. {"metadata":{"emulator":{"name":"functions"},"message":"function ignored because the firestore emulator does not exist or is not running."}}
[info] i  functions[us-central1-sendLowStockEmail]: function ignored because the firestore emulator does not exist or is not running. {"metadata":{"emulator":{"name":"functions"},"message":"function ignored because the firestore emulator does not exist or is not running."}}
